      `I%&/m{JJt`$ؐ@iG#)*eVe]f@흼{{;N'?\fdlJɞ!?~|?"~Guެ˶y/G{;6۳,#ڬ|%>z;{#}G<gY FW>=EF?ͫ˼njI_w/b}݇?|A|4^G?z=mo=jv/N_wM>]E{.=/v_2hUW2_Jbgy3U˸|^u4<L^Z%!0oU]O7Ŋ~:www?WՂ70ou=/_<;{}f4.=B-΃OO;lt7z0۝?nn? =a	}dGE
'5c7e%|kzg/ӢI4[j/S-]d̊,e1 5-IMLKez5tZ,Vw-)rճt5,%"մ*YOi֤(}yyW_z3=;9gTIƻ]nUU=JW}E]e@5%nO;Z
z?KY	!%lx:}M/*K[deyM<vu=[g44͜V4͚v~NJ2ҫu#ݢtLgx;'[" A.HTABAȚ6ȽŚUvY]-ӫ~D@@c=/.5O24q1؈-j=)fϞf-XjŝGKBjVf<0_O/t=p{r{H:f^vzLvd|΃>Ȩ>{O~+̈$B
J2O֤u&ϡ}҅MS4PcbӼ$iX@zKbӷ9)oHKFsүN8}zvMҤ=1aӥ2	4LkO _MvZV]b*fFUd݇vw>|39'j?tg7d>Nv0a5M@шj.2TW˜UU{?|@ovP{wdg=rU_]lb7ݧ:,=C3O{ӽރ{{}z|^LCם>[(Jd9ɁFJ/}aK4[?&GӲ uBqGT<ߞWJaQz4_Zj Lu;i^U=dRi[ƻ"-봄M|o tV4ks^fvNUdU3z Qh]秿/Oś@!~e_!9i\LdH<HƪەFO`tn=%Mm1!{{MA<C8v|}."> qPz?uM;oC)sv7}VCGpQ^Hst*?~g-^jn>۽sO?ݻD^gP(_2t~);xMx&$.f/2%?u1YLkKR(948}ijtgppDAD
A0jRrZ(IrFC&Ie<^7=/ѫή	t"B*=7*vi!)]jF:[LyVDO.}Ǎ򴓽f٧';l'v@EF6(q4=:'Or w	1$罰5qwAec1~ȆW:)7l)^@d)}1J?d5Y3qfH<ս
ɑz으<%	+%Rp=!Hmz+=m+t*'#x>q}J0+ӢiCj\3ӵP uJ	JΚPRj߅KPk*291UK>81DCSnq$t`0|;
ǒm	7Ʋ3^Վ!) "эet0xFK_p^]%YIQ<>hQקoahۍzww᧳rc>?ߟ>}8yH>dd ۝"#޳ai/:@h>/>='yjD9~%*mvx|7,qc&uL6)9Pp,J=Iĳ$3D:pbbRkGbYE=fh桾h@%_1%d)!iMY&Qk>G?$!vpC+?'7O"7Rj?c]7ڰm~}[":ȜTeN˫+JTikA4ϙ>)9\imjZ7 F}c'{EET!!;ٛ0z^i|gA~~09CB}G߼g Fc3SǇ1c吂sUoMkX`*z`)Ā#jfm#{D?mR䫒*/߄Z=/+JZ&||UٔZժhe,!&s;qwߓV5# x2d[GP(_gvӃ!w'e5 bk#|%&j,y;j{wSr0UfeM1WA69U=kiEWrkzsMom׶@$y(	 hn#t1闪&=K_3WI~ׯ^FRFk-<YMRivk,XxRH4Z$gqX ż\NK2d7Ӹ	݈Uc׉!N"#+sTJQu{!|BdvdI2}{YD%%MQL~Ab|I:p&uْZMyF7K's"jAHϖE[dgON和>a	I[1*Nir.]V-;xVd%%h?Ӌ\r)YYVQ/ƣt{odi
@'Z<oi$Hy](h%(KK0<JAڋ	5͖iCO\tr7p1kѐa@"j.*{9_8].߬ʉ|}%yz$tsPL0_埢i{H?77ݪ>9+J)%]F'{=#;X<#\@Jn|1RzP:㋗Ow_ r:jV4Sh9tM~\g==_/E+g~tO&bM@B.#G$_5iuRܝ_QI|ELE9#v/OVz{z~}7({ٖvDGѷ
ː4?O?"obi77
RmU<'?#O>z~yы_=zugGߦ%pIAo?4tIX{_}t%-wh^hMi}ͪϠEiӟSXbW/N}sjF,CJ<h$_dYQ*w}9½&?CS[jӳvE;>~~ro)5=Ld=ft,O}qxM9⿤0]ߠ/N|W" "N߭Idd_%7J̗ǯޜ1'`J="E# -ƟRQ??gf}~Ujr\&+b$zDpcW-4Š܅-Ld\?:z{.?VPG]8}s6t/ag%%7sSm]]urkiCIo߽|9Zli()Ul#PDQ?VZ.Grh-rOAZ֋֒l]md0Y i)l&E?2V`.Gܻ)yWU)ʙH@dФkܚ;f`1wBB3Yc@
&S1ey/^<=~mdӝԛHj-ɗ/kq!A	,dXnb=˚EOg<䓽|vww|:}x@uYLV&t{~k1'uVM˷71պ,ҜK>z=,&?)V
ݥ/l&;`v?'f;4{{Ρ"D*&F}KSjFNrR0yzo|@ !G%җUYuךMI̫Y:#WZ/O%ە椠iX06N5,{dzQ|Nwr=&}K~0{qE
|OL9D0nEt%O?wxe;<0:dsk
\0YQ?9ݟŧԑyzV9Xp7/-)fy;dͣf Z6w?Y~TBN77
}[IJ,HDjG9.j2\LdXT%2VDp酲.yKۘ6P)9/9%/EN28dwLSE:)їkD9IsHX?V~~!aϟE{#Q|.yLKb%M..e_?
;(8ٴjGftѯߏ?25{?TOn6`EfGM[Wϟ..ڏ#(pNǏB?/]B"(yz]l.~zQUWȿ,/۵UU6/1h~dqde:$N1AqT(GO㸷wZ(-Y/.`ݶQYItzm>ۦ6fn:_Tm^^oOHn5wi$:'Zd[.Uҋlh=kRٮ݃>.3}}n]8Ļ7Hd^7bMJYSiKE<yIyR/}Xza.nDsٳgmPtܙo޼L_~ECkSi6'[Rknbilgc.<]e4ZjOuiBkX"OB+;X&25߮.GԆFeU%pUyI&3)2 t,EyXPZ?gD%Q|JzӯN EY{7'Kfq7Yoy)!@f$/!MSN9DO_҄ &w"ΪjZS>s|J.gUE6_`R|Uel_Ս^ 	S}" UEΧ(lQ *#  